// Jest Snapshot v1, https://goo.gl/fbAQLP

exports[`Input snapshot 1`] = `
<DocumentFragment>
  <div
    class="input"
  >
    <input
      class="input__field mb-md"
      id="name"
      placeholder="color-primary"
      value="#cc0000"
    />
  </div>
</DocumentFragment>
`;
